#! /usr/bin/vvp
:ivl_version "11.0 (stable)";
:ivl_delay_selection "TYPICAL";
:vpi_time_precision - 12;
:vpi_module "/usr/lib/x86_64-linux-gnu/ivl/system.vpi";
:vpi_module "/usr/lib/x86_64-linux-gnu/ivl/vhdl_sys.vpi";
:vpi_module "/usr/lib/x86_64-linux-gnu/ivl/vhdl_textio.vpi";
:vpi_module "/usr/lib/x86_64-linux-gnu/ivl/v2005_math.vpi";
:vpi_module "/usr/lib/x86_64-linux-gnu/ivl/va_math.vpi";
S_0x6509994e7790 .scope module, "tb_alu_8bit" "tb_alu_8bit" 2 3;
 .timescale -9 -12;
v0x6509995088c0_0 .var "a", 7 0;
v0x6509995089a0_0 .var "b", 7 0;
v0x650999508a70_0 .net "carry_out", 0 0, v0x6509995083e0_0;  1 drivers
v0x650999508b70_0 .net "result", 7 0, v0x6509995084a0_0;  1 drivers
v0x650999508c40_0 .var "sel", 2 0;
v0x650999508ce0_0 .net "zero_flag", 0 0, v0x650999508740_0;  1 drivers
S_0x6509994b7a40 .scope task, "display_result" "display_result" 2 21, 2 21 0, S_0x6509994e7790;
 .timescale -9 -12;
v0x6509994a7db0_0 .var "expected_carry", 0 0;
v0x6509994a7e50_0 .var "expected_result", 7 0;
v0x650999507380_0 .var "expected_zero", 0 0;
v0x650999507420_0 .var "input_a", 7 0;
v0x650999507500_0 .var "input_b", 7 0;
v0x650999507630_0 .var "operation", 2 0;
TD_tb_alu_8bit.display_result ;
    %load/vec4 v0x650999508b70_0;
    %load/vec4 v0x6509994a7e50_0;
    %cmp/e;
    %flag_get/vec4 4;
    %load/vec4 v0x650999508a70_0;
    %load/vec4 v0x6509994a7db0_0;
    %cmp/e;
    %flag_get/vec4 4;
    %and;
    %load/vec4 v0x650999508ce0_0;
    %load/vec4 v0x650999507380_0;
    %cmp/e;
    %flag_get/vec4 4;
    %and;
    %flag_set/vec4 8;
    %jmp/0 T_0.0, 8;
    %pushi/vec4 1346458451, 0, 32; draw_string_vec4
    %jmp/1 T_0.1, 8;
T_0.0 ; End of true expr.
    %pushi/vec4 1178683724, 0, 32; draw_string_vec4
    %jmp/0 T_0.1, 8;
 ; End of false expr.
    %blend;
T_0.1;
    %vpi_call 2 27 "$display", "Op: %b | A: %h | B: %h | Result: %h | Carry: %b | Zero: %b | Expected: %h,%b,%b | %s", v0x650999507630_0, v0x650999507420_0, v0x650999507500_0, v0x650999508b70_0, v0x650999508a70_0, v0x650999508ce0_0, v0x6509994a7e50_0, v0x6509994a7db0_0, v0x650999507380_0, S<0,vec4,u32> {1 0 0};
    %end;
S_0x650999507710 .scope module, "uut" "alu_8bit" 2 12, 3 1 0, S_0x6509994e7790;
 .timescale 0 0;
    .port_info 0 /INPUT 8 "a";
    .port_info 1 /INPUT 8 "b";
    .port_info 2 /INPUT 3 "sel";
    .port_info 3 /OUTPUT 8 "result";
    .port_info 4 /OUTPUT 1 "carry_out";
    .port_info 5 /OUTPUT 1 "zero_flag";
v0x6509995079f0_0 .net *"_ivl_0", 8 0, L_0x650999508db0;  1 drivers
v0x650999507af0_0 .net *"_ivl_10", 8 0, L_0x6509995091a0;  1 drivers
L_0x7a249b66f0a8 .functor BUFT 1, C4<0>, C4<0>, C4<0>, C4<0>;
v0x650999507bd0_0 .net *"_ivl_13", 0 0, L_0x7a249b66f0a8;  1 drivers
v0x650999507c90_0 .net *"_ivl_14", 8 0, L_0x6509995092c0;  1 drivers
L_0x7a249b66f0f0 .functor BUFT 1, C4<0>, C4<0>, C4<0>, C4<0>;
v0x650999507d70_0 .net *"_ivl_17", 0 0, L_0x7a249b66f0f0;  1 drivers
L_0x7a249b66f018 .functor BUFT 1, C4<0>, C4<0>, C4<0>, C4<0>;
v0x650999507ea0_0 .net *"_ivl_3", 0 0, L_0x7a249b66f018;  1 drivers
v0x650999507f80_0 .net *"_ivl_4", 8 0, L_0x650999508f20;  1 drivers
L_0x7a249b66f060 .functor BUFT 1, C4<0>, C4<0>, C4<0>, C4<0>;
v0x650999508060_0 .net *"_ivl_7", 0 0, L_0x7a249b66f060;  1 drivers
v0x650999508140_0 .net "a", 7 0, v0x6509995088c0_0;  1 drivers
v0x650999508220_0 .net "add_result", 8 0, L_0x650999509060;  1 drivers
v0x650999508300_0 .net "b", 7 0, v0x6509995089a0_0;  1 drivers
v0x6509995083e0_0 .var "carry_out", 0 0;
v0x6509995084a0_0 .var "result", 7 0;
v0x650999508580_0 .net "sel", 2 0, v0x650999508c40_0;  1 drivers
v0x650999508660_0 .net "sub_result", 8 0, L_0x650999509410;  1 drivers
v0x650999508740_0 .var "zero_flag", 0 0;
E_0x6509994b3ba0/0 .event edge, v0x650999508580_0, v0x650999508220_0, v0x650999508660_0, v0x650999508140_0;
E_0x6509994b3ba0/1 .event edge, v0x650999508300_0, v0x6509995084a0_0;
E_0x6509994b3ba0 .event/or E_0x6509994b3ba0/0, E_0x6509994b3ba0/1;
L_0x650999508db0 .concat [ 8 1 0 0], v0x6509995088c0_0, L_0x7a249b66f018;
L_0x650999508f20 .concat [ 8 1 0 0], v0x6509995089a0_0, L_0x7a249b66f060;
L_0x650999509060 .arith/sum 9, L_0x650999508db0, L_0x650999508f20;
L_0x6509995091a0 .concat [ 8 1 0 0], v0x6509995088c0_0, L_0x7a249b66f0a8;
L_0x6509995092c0 .concat [ 8 1 0 0], v0x6509995089a0_0, L_0x7a249b66f0f0;
L_0x650999509410 .arith/sub 9, L_0x6509995091a0, L_0x6509995092c0;
    .scope S_0x650999507710;
T_1 ;
    %wait E_0x6509994b3ba0;
    %pushi/vec4 0, 0, 1;
    %store/vec4 v0x6509995083e0_0, 0, 1;
    %load/vec4 v0x650999508580_0;
    %dup/vec4;
    %pushi/vec4 0, 0, 3;
    %cmp/u;
    %jmp/1 T_1.0, 6;
    %dup/vec4;
    %pushi/vec4 1, 0, 3;
    %cmp/u;
    %jmp/1 T_1.1, 6;
    %dup/vec4;
    %pushi/vec4 2, 0, 3;
    %cmp/u;
    %jmp/1 T_1.2, 6;
    %dup/vec4;
    %pushi/vec4 3, 0, 3;
    %cmp/u;
    %jmp/1 T_1.3, 6;
    %dup/vec4;
    %pushi/vec4 4, 0, 3;
    %cmp/u;
    %jmp/1 T_1.4, 6;
    %dup/vec4;
    %pushi/vec4 5, 0, 3;
    %cmp/u;
    %jmp/1 T_1.5, 6;
    %dup/vec4;
    %pushi/vec4 6, 0, 3;
    %cmp/u;
    %jmp/1 T_1.6, 6;
    %dup/vec4;
    %pushi/vec4 7, 0, 3;
    %cmp/u;
    %jmp/1 T_1.7, 6;
    %pushi/vec4 0, 0, 8;
    %store/vec4 v0x6509995084a0_0, 0, 8;
    %jmp T_1.9;
T_1.0 ;
    %load/vec4 v0x650999508220_0;
    %parti/s 8, 0, 2;
    %store/vec4 v0x6509995084a0_0, 0, 8;
    %load/vec4 v0x650999508220_0;
    %parti/s 1, 8, 5;
    %store/vec4 v0x6509995083e0_0, 0, 1;
    %jmp T_1.9;
T_1.1 ;
    %load/vec4 v0x650999508660_0;
    %parti/s 8, 0, 2;
    %store/vec4 v0x6509995084a0_0, 0, 8;
    %load/vec4 v0x650999508660_0;
    %parti/s 1, 8, 5;
    %store/vec4 v0x6509995083e0_0, 0, 1;
    %jmp T_1.9;
T_1.2 ;
    %load/vec4 v0x650999508140_0;
    %load/vec4 v0x650999508300_0;
    %and;
    %store/vec4 v0x6509995084a0_0, 0, 8;
    %jmp T_1.9;
T_1.3 ;
    %load/vec4 v0x650999508140_0;
    %load/vec4 v0x650999508300_0;
    %or;
    %store/vec4 v0x6509995084a0_0, 0, 8;
    %jmp T_1.9;
T_1.4 ;
    %load/vec4 v0x650999508140_0;
    %load/vec4 v0x650999508300_0;
    %xor;
    %store/vec4 v0x6509995084a0_0, 0, 8;
    %jmp T_1.9;
T_1.5 ;
    %load/vec4 v0x650999508140_0;
    %inv;
    %store/vec4 v0x6509995084a0_0, 0, 8;
    %jmp T_1.9;
T_1.6 ;
    %load/vec4 v0x650999508140_0;
    %ix/load 4, 1, 0;
    %flag_set/imm 4, 0;
    %shiftl 4;
    %store/vec4 v0x6509995084a0_0, 0, 8;
    %jmp T_1.9;
T_1.7 ;
    %load/vec4 v0x650999508140_0;
    %ix/load 4, 1, 0;
    %flag_set/imm 4, 0;
    %shiftr 4;
    %store/vec4 v0x6509995084a0_0, 0, 8;
    %jmp T_1.9;
T_1.9 ;
    %pop/vec4 1;
    %load/vec4 v0x6509995084a0_0;
    %pushi/vec4 0, 0, 8;
    %cmp/e;
    %flag_get/vec4 4;
    %store/vec4 v0x650999508740_0, 0, 1;
    %jmp T_1;
    .thread T_1, $push;
    .scope S_0x6509994e7790;
T_2 ;
    %vpi_call 2 35 "$dumpfile", "alu_8bit_tb.vcd" {0 0 0};
    %vpi_call 2 36 "$dumpvars", 32'sb00000000000000000000000000000000, S_0x6509994e7790 {0 0 0};
    %vpi_call 2 38 "$display", "========================================" {0 0 0};
    %vpi_call 2 39 "$display", "       8-bit ALU Testbench" {0 0 0};
    %vpi_call 2 40 "$display", "========================================" {0 0 0};
    %vpi_call 2 41 "$display", "Op: sel | A: input_a | B: input_b | Result | Carry | Zero | Expected | Status" {0 0 0};
    %vpi_call 2 42 "$display", "------------------------------------------------------------------------" {0 0 0};
    %vpi_call 2 44 "$display", "\012--- ADDITION TESTS ---" {0 0 0};
    %pushi/vec4 15, 0, 8;
    %store/vec4 v0x6509995088c0_0, 0, 8;
    %pushi/vec4 16, 0, 8;
    %store/vec4 v0x6509995089a0_0, 0, 8;
    %pushi/vec4 0, 0, 3;
    %store/vec4 v0x650999508c40_0, 0, 3;
    %delay 10000, 0;
    %load/vec4 v0x650999508c40_0;
    %store/vec4 v0x650999507630_0, 0, 3;
    %load/vec4 v0x6509995088c0_0;
    %store/vec4 v0x650999507420_0, 0, 8;
    %load/vec4 v0x6509995089a0_0;
    %store/vec4 v0x650999507500_0, 0, 8;
    %pushi/vec4 31, 0, 8;
    %store/vec4 v0x6509994a7e50_0, 0, 8;
    %pushi/vec4 0, 0, 1;
    %store/vec4 v0x6509994a7db0_0, 0, 1;
    %pushi/vec4 0, 0, 1;
    %store/vec4 v0x650999507380_0, 0, 1;
    %fork TD_tb_alu_8bit.display_result, S_0x6509994b7a40;
    %join;
    %pushi/vec4 255, 0, 8;
    %store/vec4 v0x6509995088c0_0, 0, 8;
    %pushi/vec4 1, 0, 8;
    %store/vec4 v0x6509995089a0_0, 0, 8;
    %pushi/vec4 0, 0, 3;
    %store/vec4 v0x650999508c40_0, 0, 3;
    %delay 10000, 0;
    %load/vec4 v0x650999508c40_0;
    %store/vec4 v0x650999507630_0, 0, 3;
    %load/vec4 v0x6509995088c0_0;
    %store/vec4 v0x650999507420_0, 0, 8;
    %load/vec4 v0x6509995089a0_0;
    %store/vec4 v0x650999507500_0, 0, 8;
    %pushi/vec4 0, 0, 8;
    %store/vec4 v0x6509994a7e50_0, 0, 8;
    %pushi/vec4 1, 0, 1;
    %store/vec4 v0x6509994a7db0_0, 0, 1;
    %pushi/vec4 1, 0, 1;
    %store/vec4 v0x650999507380_0, 0, 1;
    %fork TD_tb_alu_8bit.display_result, S_0x6509994b7a40;
    %join;
    %pushi/vec4 128, 0, 8;
    %store/vec4 v0x6509995088c0_0, 0, 8;
    %pushi/vec4 128, 0, 8;
    %store/vec4 v0x6509995089a0_0, 0, 8;
    %pushi/vec4 0, 0, 3;
    %store/vec4 v0x650999508c40_0, 0, 3;
    %delay 10000, 0;
    %load/vec4 v0x650999508c40_0;
    %store/vec4 v0x650999507630_0, 0, 3;
    %load/vec4 v0x6509995088c0_0;
    %store/vec4 v0x650999507420_0, 0, 8;
    %load/vec4 v0x6509995089a0_0;
    %store/vec4 v0x650999507500_0, 0, 8;
    %pushi/vec4 0, 0, 8;
    %store/vec4 v0x6509994a7e50_0, 0, 8;
    %pushi/vec4 1, 0, 1;
    %store/vec4 v0x6509994a7db0_0, 0, 1;
    %pushi/vec4 1, 0, 1;
    %store/vec4 v0x650999507380_0, 0, 1;
    %fork TD_tb_alu_8bit.display_result, S_0x6509994b7a40;
    %join;
    %pushi/vec4 0, 0, 8;
    %store/vec4 v0x6509995088c0_0, 0, 8;
    %pushi/vec4 0, 0, 8;
    %store/vec4 v0x6509995089a0_0, 0, 8;
    %pushi/vec4 0, 0, 3;
    %store/vec4 v0x650999508c40_0, 0, 3;
    %delay 10000, 0;
    %load/vec4 v0x650999508c40_0;
    %store/vec4 v0x650999507630_0, 0, 3;
    %load/vec4 v0x6509995088c0_0;
    %store/vec4 v0x650999507420_0, 0, 8;
    %load/vec4 v0x6509995089a0_0;
    %store/vec4 v0x650999507500_0, 0, 8;
    %pushi/vec4 0, 0, 8;
    %store/vec4 v0x6509994a7e50_0, 0, 8;
    %pushi/vec4 0, 0, 1;
    %store/vec4 v0x6509994a7db0_0, 0, 1;
    %pushi/vec4 1, 0, 1;
    %store/vec4 v0x650999507380_0, 0, 1;
    %fork TD_tb_alu_8bit.display_result, S_0x6509994b7a40;
    %join;
    %vpi_call 2 57 "$display", "\012--- SUBTRACTION TESTS ---" {0 0 0};
    %pushi/vec4 32, 0, 8;
    %store/vec4 v0x6509995088c0_0, 0, 8;
    %pushi/vec4 16, 0, 8;
    %store/vec4 v0x6509995089a0_0, 0, 8;
    %pushi/vec4 1, 0, 3;
    %store/vec4 v0x650999508c40_0, 0, 3;
    %delay 10000, 0;
    %load/vec4 v0x650999508c40_0;
    %store/vec4 v0x650999507630_0, 0, 3;
    %load/vec4 v0x6509995088c0_0;
    %store/vec4 v0x650999507420_0, 0, 8;
    %load/vec4 v0x6509995089a0_0;
    %store/vec4 v0x650999507500_0, 0, 8;
    %pushi/vec4 16, 0, 8;
    %store/vec4 v0x6509994a7e50_0, 0, 8;
    %pushi/vec4 0, 0, 1;
    %store/vec4 v0x6509994a7db0_0, 0, 1;
    %pushi/vec4 0, 0, 1;
    %store/vec4 v0x650999507380_0, 0, 1;
    %fork TD_tb_alu_8bit.display_result, S_0x6509994b7a40;
    %join;
    %pushi/vec4 16, 0, 8;
    %store/vec4 v0x6509995088c0_0, 0, 8;
    %pushi/vec4 32, 0, 8;
    %store/vec4 v0x6509995089a0_0, 0, 8;
    %pushi/vec4 1, 0, 3;
    %store/vec4 v0x650999508c40_0, 0, 3;
    %delay 10000, 0;
    %load/vec4 v0x650999508c40_0;
    %store/vec4 v0x650999507630_0, 0, 3;
    %load/vec4 v0x6509995088c0_0;
    %store/vec4 v0x650999507420_0, 0, 8;
    %load/vec4 v0x6509995089a0_0;
    %store/vec4 v0x650999507500_0, 0, 8;
    %pushi/vec4 240, 0, 8;
    %store/vec4 v0x6509994a7e50_0, 0, 8;
    %pushi/vec4 1, 0, 1;
    %store/vec4 v0x6509994a7db0_0, 0, 1;
    %pushi/vec4 0, 0, 1;
    %store/vec4 v0x650999507380_0, 0, 1;
    %fork TD_tb_alu_8bit.display_result, S_0x6509994b7a40;
    %join;
    %pushi/vec4 85, 0, 8;
    %store/vec4 v0x6509995088c0_0, 0, 8;
    %pushi/vec4 85, 0, 8;
    %store/vec4 v0x6509995089a0_0, 0, 8;
    %pushi/vec4 1, 0, 3;
    %store/vec4 v0x650999508c40_0, 0, 3;
    %delay 10000, 0;
    %load/vec4 v0x650999508c40_0;
    %store/vec4 v0x650999507630_0, 0, 3;
    %load/vec4 v0x6509995088c0_0;
    %store/vec4 v0x650999507420_0, 0, 8;
    %load/vec4 v0x6509995089a0_0;
    %store/vec4 v0x650999507500_0, 0, 8;
    %pushi/vec4 0, 0, 8;
    %store/vec4 v0x6509994a7e50_0, 0, 8;
    %pushi/vec4 0, 0, 1;
    %store/vec4 v0x6509994a7db0_0, 0, 1;
    %pushi/vec4 1, 0, 1;
    %store/vec4 v0x650999507380_0, 0, 1;
    %fork TD_tb_alu_8bit.display_result, S_0x6509994b7a40;
    %join;
    %pushi/vec4 0, 0, 8;
    %store/vec4 v0x6509995088c0_0, 0, 8;
    %pushi/vec4 1, 0, 8;
    %store/vec4 v0x6509995089a0_0, 0, 8;
    %pushi/vec4 1, 0, 3;
    %store/vec4 v0x650999508c40_0, 0, 3;
    %delay 10000, 0;
    %load/vec4 v0x650999508c40_0;
    %store/vec4 v0x650999507630_0, 0, 3;
    %load/vec4 v0x6509995088c0_0;
    %store/vec4 v0x650999507420_0, 0, 8;
    %load/vec4 v0x6509995089a0_0;
    %store/vec4 v0x650999507500_0, 0, 8;
    %pushi/vec4 255, 0, 8;
    %store/vec4 v0x6509994a7e50_0, 0, 8;
    %pushi/vec4 1, 0, 1;
    %store/vec4 v0x6509994a7db0_0, 0, 1;
    %pushi/vec4 0, 0, 1;
    %store/vec4 v0x650999507380_0, 0, 1;
    %fork TD_tb_alu_8bit.display_result, S_0x6509994b7a40;
    %join;
    %vpi_call 2 70 "$display", "\012--- AND TESTS ---" {0 0 0};
    %pushi/vec4 255, 0, 8;
    %store/vec4 v0x6509995088c0_0, 0, 8;
    %pushi/vec4 15, 0, 8;
    %store/vec4 v0x6509995089a0_0, 0, 8;
    %pushi/vec4 2, 0, 3;
    %store/vec4 v0x650999508c40_0, 0, 3;
    %delay 10000, 0;
    %load/vec4 v0x650999508c40_0;
    %store/vec4 v0x650999507630_0, 0, 3;
    %load/vec4 v0x6509995088c0_0;
    %store/vec4 v0x650999507420_0, 0, 8;
    %load/vec4 v0x6509995089a0_0;
    %store/vec4 v0x650999507500_0, 0, 8;
    %pushi/vec4 15, 0, 8;
    %store/vec4 v0x6509994a7e50_0, 0, 8;
    %pushi/vec4 0, 0, 1;
    %store/vec4 v0x6509994a7db0_0, 0, 1;
    %pushi/vec4 0, 0, 1;
    %store/vec4 v0x650999507380_0, 0, 1;
    %fork TD_tb_alu_8bit.display_result, S_0x6509994b7a40;
    %join;
    %pushi/vec4 170, 0, 8;
    %store/vec4 v0x6509995088c0_0, 0, 8;
    %pushi/vec4 85, 0, 8;
    %store/vec4 v0x6509995089a0_0, 0, 8;
    %pushi/vec4 2, 0, 3;
    %store/vec4 v0x650999508c40_0, 0, 3;
    %delay 10000, 0;
    %load/vec4 v0x650999508c40_0;
    %store/vec4 v0x650999507630_0, 0, 3;
    %load/vec4 v0x6509995088c0_0;
    %store/vec4 v0x650999507420_0, 0, 8;
    %load/vec4 v0x6509995089a0_0;
    %store/vec4 v0x650999507500_0, 0, 8;
    %pushi/vec4 0, 0, 8;
    %store/vec4 v0x6509994a7e50_0, 0, 8;
    %pushi/vec4 0, 0, 1;
    %store/vec4 v0x6509994a7db0_0, 0, 1;
    %pushi/vec4 1, 0, 1;
    %store/vec4 v0x650999507380_0, 0, 1;
    %fork TD_tb_alu_8bit.display_result, S_0x6509994b7a40;
    %join;
    %pushi/vec4 240, 0, 8;
    %store/vec4 v0x6509995088c0_0, 0, 8;
    %pushi/vec4 15, 0, 8;
    %store/vec4 v0x6509995089a0_0, 0, 8;
    %pushi/vec4 2, 0, 3;
    %store/vec4 v0x650999508c40_0, 0, 3;
    %delay 10000, 0;
    %load/vec4 v0x650999508c40_0;
    %store/vec4 v0x650999507630_0, 0, 3;
    %load/vec4 v0x6509995088c0_0;
    %store/vec4 v0x650999507420_0, 0, 8;
    %load/vec4 v0x6509995089a0_0;
    %store/vec4 v0x650999507500_0, 0, 8;
    %pushi/vec4 0, 0, 8;
    %store/vec4 v0x6509994a7e50_0, 0, 8;
    %pushi/vec4 0, 0, 1;
    %store/vec4 v0x6509994a7db0_0, 0, 1;
    %pushi/vec4 1, 0, 1;
    %store/vec4 v0x650999507380_0, 0, 1;
    %fork TD_tb_alu_8bit.display_result, S_0x6509994b7a40;
    %join;
    %vpi_call 2 80 "$display", "\012--- OR TESTS ---" {0 0 0};
    %pushi/vec4 240, 0, 8;
    %store/vec4 v0x6509995088c0_0, 0, 8;
    %pushi/vec4 15, 0, 8;
    %store/vec4 v0x6509995089a0_0, 0, 8;
    %pushi/vec4 3, 0, 3;
    %store/vec4 v0x650999508c40_0, 0, 3;
    %delay 10000, 0;
    %load/vec4 v0x650999508c40_0;
    %store/vec4 v0x650999507630_0, 0, 3;
    %load/vec4 v0x6509995088c0_0;
    %store/vec4 v0x650999507420_0, 0, 8;
    %load/vec4 v0x6509995089a0_0;
    %store/vec4 v0x650999507500_0, 0, 8;
    %pushi/vec4 255, 0, 8;
    %store/vec4 v0x6509994a7e50_0, 0, 8;
    %pushi/vec4 0, 0, 1;
    %store/vec4 v0x6509994a7db0_0, 0, 1;
    %pushi/vec4 0, 0, 1;
    %store/vec4 v0x650999507380_0, 0, 1;
    %fork TD_tb_alu_8bit.display_result, S_0x6509994b7a40;
    %join;
    %pushi/vec4 170, 0, 8;
    %store/vec4 v0x6509995088c0_0, 0, 8;
    %pushi/vec4 85, 0, 8;
    %store/vec4 v0x6509995089a0_0, 0, 8;
    %pushi/vec4 3, 0, 3;
    %store/vec4 v0x650999508c40_0, 0, 3;
    %delay 10000, 0;
    %load/vec4 v0x650999508c40_0;
    %store/vec4 v0x650999507630_0, 0, 3;
    %load/vec4 v0x6509995088c0_0;
    %store/vec4 v0x650999507420_0, 0, 8;
    %load/vec4 v0x6509995089a0_0;
    %store/vec4 v0x650999507500_0, 0, 8;
    %pushi/vec4 255, 0, 8;
    %store/vec4 v0x6509994a7e50_0, 0, 8;
    %pushi/vec4 0, 0, 1;
    %store/vec4 v0x6509994a7db0_0, 0, 1;
    %pushi/vec4 0, 0, 1;
    %store/vec4 v0x650999507380_0, 0, 1;
    %fork TD_tb_alu_8bit.display_result, S_0x6509994b7a40;
    %join;
    %pushi/vec4 0, 0, 8;
    %store/vec4 v0x6509995088c0_0, 0, 8;
    %pushi/vec4 0, 0, 8;
    %store/vec4 v0x6509995089a0_0, 0, 8;
    %pushi/vec4 3, 0, 3;
    %store/vec4 v0x650999508c40_0, 0, 3;
    %delay 10000, 0;
    %load/vec4 v0x650999508c40_0;
    %store/vec4 v0x650999507630_0, 0, 3;
    %load/vec4 v0x6509995088c0_0;
    %store/vec4 v0x650999507420_0, 0, 8;
    %load/vec4 v0x6509995089a0_0;
    %store/vec4 v0x650999507500_0, 0, 8;
    %pushi/vec4 0, 0, 8;
    %store/vec4 v0x6509994a7e50_0, 0, 8;
    %pushi/vec4 0, 0, 1;
    %store/vec4 v0x6509994a7db0_0, 0, 1;
    %pushi/vec4 1, 0, 1;
    %store/vec4 v0x650999507380_0, 0, 1;
    %fork TD_tb_alu_8bit.display_result, S_0x6509994b7a40;
    %join;
    %vpi_call 2 90 "$display", "\012--- XOR TESTS ---" {0 0 0};
    %pushi/vec4 255, 0, 8;
    %store/vec4 v0x6509995088c0_0, 0, 8;
    %pushi/vec4 255, 0, 8;
    %store/vec4 v0x6509995089a0_0, 0, 8;
    %pushi/vec4 4, 0, 3;
    %store/vec4 v0x650999508c40_0, 0, 3;
    %delay 10000, 0;
    %load/vec4 v0x650999508c40_0;
    %store/vec4 v0x650999507630_0, 0, 3;
    %load/vec4 v0x6509995088c0_0;
    %store/vec4 v0x650999507420_0, 0, 8;
    %load/vec4 v0x6509995089a0_0;
    %store/vec4 v0x650999507500_0, 0, 8;
    %pushi/vec4 0, 0, 8;
    %store/vec4 v0x6509994a7e50_0, 0, 8;
    %pushi/vec4 0, 0, 1;
    %store/vec4 v0x6509994a7db0_0, 0, 1;
    %pushi/vec4 1, 0, 1;
    %store/vec4 v0x650999507380_0, 0, 1;
    %fork TD_tb_alu_8bit.display_result, S_0x6509994b7a40;
    %join;
    %pushi/vec4 170, 0, 8;
    %store/vec4 v0x6509995088c0_0, 0, 8;
    %pushi/vec4 85, 0, 8;
    %store/vec4 v0x6509995089a0_0, 0, 8;
    %pushi/vec4 4, 0, 3;
    %store/vec4 v0x650999508c40_0, 0, 3;
    %delay 10000, 0;
    %load/vec4 v0x650999508c40_0;
    %store/vec4 v0x650999507630_0, 0, 3;
    %load/vec4 v0x6509995088c0_0;
    %store/vec4 v0x650999507420_0, 0, 8;
    %load/vec4 v0x6509995089a0_0;
    %store/vec4 v0x650999507500_0, 0, 8;
    %pushi/vec4 255, 0, 8;
    %store/vec4 v0x6509994a7e50_0, 0, 8;
    %pushi/vec4 0, 0, 1;
    %store/vec4 v0x6509994a7db0_0, 0, 1;
    %pushi/vec4 0, 0, 1;
    %store/vec4 v0x650999507380_0, 0, 1;
    %fork TD_tb_alu_8bit.display_result, S_0x6509994b7a40;
    %join;
    %pushi/vec4 240, 0, 8;
    %store/vec4 v0x6509995088c0_0, 0, 8;
    %pushi/vec4 15, 0, 8;
    %store/vec4 v0x6509995089a0_0, 0, 8;
    %pushi/vec4 4, 0, 3;
    %store/vec4 v0x650999508c40_0, 0, 3;
    %delay 10000, 0;
    %load/vec4 v0x650999508c40_0;
    %store/vec4 v0x650999507630_0, 0, 3;
    %load/vec4 v0x6509995088c0_0;
    %store/vec4 v0x650999507420_0, 0, 8;
    %load/vec4 v0x6509995089a0_0;
    %store/vec4 v0x650999507500_0, 0, 8;
    %pushi/vec4 255, 0, 8;
    %store/vec4 v0x6509994a7e50_0, 0, 8;
    %pushi/vec4 0, 0, 1;
    %store/vec4 v0x6509994a7db0_0, 0, 1;
    %pushi/vec4 0, 0, 1;
    %store/vec4 v0x650999507380_0, 0, 1;
    %fork TD_tb_alu_8bit.display_result, S_0x6509994b7a40;
    %join;
    %vpi_call 2 100 "$display", "\012--- NOT TESTS ---" {0 0 0};
    %pushi/vec4 255, 0, 8;
    %store/vec4 v0x6509995088c0_0, 0, 8;
    %pushi/vec4 0, 0, 8;
    %store/vec4 v0x6509995089a0_0, 0, 8;
    %pushi/vec4 5, 0, 3;
    %store/vec4 v0x650999508c40_0, 0, 3;
    %delay 10000, 0;
    %load/vec4 v0x650999508c40_0;
    %store/vec4 v0x650999507630_0, 0, 3;
    %load/vec4 v0x6509995088c0_0;
    %store/vec4 v0x650999507420_0, 0, 8;
    %load/vec4 v0x6509995089a0_0;
    %store/vec4 v0x650999507500_0, 0, 8;
    %pushi/vec4 0, 0, 8;
    %store/vec4 v0x6509994a7e50_0, 0, 8;
    %pushi/vec4 0, 0, 1;
    %store/vec4 v0x6509994a7db0_0, 0, 1;
    %pushi/vec4 1, 0, 1;
    %store/vec4 v0x650999507380_0, 0, 1;
    %fork TD_tb_alu_8bit.display_result, S_0x6509994b7a40;
    %join;
    %pushi/vec4 0, 0, 8;
    %store/vec4 v0x6509995088c0_0, 0, 8;
    %pushi/vec4 0, 0, 8;
    %store/vec4 v0x6509995089a0_0, 0, 8;
    %pushi/vec4 5, 0, 3;
    %store/vec4 v0x650999508c40_0, 0, 3;
    %delay 10000, 0;
    %load/vec4 v0x650999508c40_0;
    %store/vec4 v0x650999507630_0, 0, 3;
    %load/vec4 v0x6509995088c0_0;
    %store/vec4 v0x650999507420_0, 0, 8;
    %load/vec4 v0x6509995089a0_0;
    %store/vec4 v0x650999507500_0, 0, 8;
    %pushi/vec4 255, 0, 8;
    %store/vec4 v0x6509994a7e50_0, 0, 8;
    %pushi/vec4 0, 0, 1;
    %store/vec4 v0x6509994a7db0_0, 0, 1;
    %pushi/vec4 0, 0, 1;
    %store/vec4 v0x650999507380_0, 0, 1;
    %fork TD_tb_alu_8bit.display_result, S_0x6509994b7a40;
    %join;
    %pushi/vec4 170, 0, 8;
    %store/vec4 v0x6509995088c0_0, 0, 8;
    %pushi/vec4 0, 0, 8;
    %store/vec4 v0x6509995089a0_0, 0, 8;
    %pushi/vec4 5, 0, 3;
    %store/vec4 v0x650999508c40_0, 0, 3;
    %delay 10000, 0;
    %load/vec4 v0x650999508c40_0;
    %store/vec4 v0x650999507630_0, 0, 3;
    %load/vec4 v0x6509995088c0_0;
    %store/vec4 v0x650999507420_0, 0, 8;
    %load/vec4 v0x6509995089a0_0;
    %store/vec4 v0x650999507500_0, 0, 8;
    %pushi/vec4 85, 0, 8;
    %store/vec4 v0x6509994a7e50_0, 0, 8;
    %pushi/vec4 0, 0, 1;
    %store/vec4 v0x6509994a7db0_0, 0, 1;
    %pushi/vec4 0, 0, 1;
    %store/vec4 v0x650999507380_0, 0, 1;
    %fork TD_tb_alu_8bit.display_result, S_0x6509994b7a40;
    %join;
    %vpi_call 2 110 "$display", "\012--- LEFT SHIFT TESTS ---" {0 0 0};
    %pushi/vec4 1, 0, 8;
    %store/vec4 v0x6509995088c0_0, 0, 8;
    %pushi/vec4 0, 0, 8;
    %store/vec4 v0x6509995089a0_0, 0, 8;
    %pushi/vec4 6, 0, 3;
    %store/vec4 v0x650999508c40_0, 0, 3;
    %delay 10000, 0;
    %load/vec4 v0x650999508c40_0;
    %store/vec4 v0x650999507630_0, 0, 3;
    %load/vec4 v0x6509995088c0_0;
    %store/vec4 v0x650999507420_0, 0, 8;
    %load/vec4 v0x6509995089a0_0;
    %store/vec4 v0x650999507500_0, 0, 8;
    %pushi/vec4 2, 0, 8;
    %store/vec4 v0x6509994a7e50_0, 0, 8;
    %pushi/vec4 0, 0, 1;
    %store/vec4 v0x6509994a7db0_0, 0, 1;
    %pushi/vec4 0, 0, 1;
    %store/vec4 v0x650999507380_0, 0, 1;
    %fork TD_tb_alu_8bit.display_result, S_0x6509994b7a40;
    %join;
    %pushi/vec4 128, 0, 8;
    %store/vec4 v0x6509995088c0_0, 0, 8;
    %pushi/vec4 0, 0, 8;
    %store/vec4 v0x6509995089a0_0, 0, 8;
    %pushi/vec4 6, 0, 3;
    %store/vec4 v0x650999508c40_0, 0, 3;
    %delay 10000, 0;
    %load/vec4 v0x650999508c40_0;
    %store/vec4 v0x650999507630_0, 0, 3;
    %load/vec4 v0x6509995088c0_0;
    %store/vec4 v0x650999507420_0, 0, 8;
    %load/vec4 v0x6509995089a0_0;
    %store/vec4 v0x650999507500_0, 0, 8;
    %pushi/vec4 0, 0, 8;
    %store/vec4 v0x6509994a7e50_0, 0, 8;
    %pushi/vec4 0, 0, 1;
    %store/vec4 v0x6509994a7db0_0, 0, 1;
    %pushi/vec4 1, 0, 1;
    %store/vec4 v0x650999507380_0, 0, 1;
    %fork TD_tb_alu_8bit.display_result, S_0x6509994b7a40;
    %join;
    %pushi/vec4 170, 0, 8;
    %store/vec4 v0x6509995088c0_0, 0, 8;
    %pushi/vec4 0, 0, 8;
    %store/vec4 v0x6509995089a0_0, 0, 8;
    %pushi/vec4 6, 0, 3;
    %store/vec4 v0x650999508c40_0, 0, 3;
    %delay 10000, 0;
    %load/vec4 v0x650999508c40_0;
    %store/vec4 v0x650999507630_0, 0, 3;
    %load/vec4 v0x6509995088c0_0;
    %store/vec4 v0x650999507420_0, 0, 8;
    %load/vec4 v0x6509995089a0_0;
    %store/vec4 v0x650999507500_0, 0, 8;
    %pushi/vec4 84, 0, 8;
    %store/vec4 v0x6509994a7e50_0, 0, 8;
    %pushi/vec4 0, 0, 1;
    %store/vec4 v0x6509994a7db0_0, 0, 1;
    %pushi/vec4 0, 0, 1;
    %store/vec4 v0x650999507380_0, 0, 1;
    %fork TD_tb_alu_8bit.display_result, S_0x6509994b7a40;
    %join;
    %vpi_call 2 120 "$display", "\012--- RIGHT SHIFT TESTS ---" {0 0 0};
    %pushi/vec4 2, 0, 8;
    %store/vec4 v0x6509995088c0_0, 0, 8;
    %pushi/vec4 0, 0, 8;
    %store/vec4 v0x6509995089a0_0, 0, 8;
    %pushi/vec4 7, 0, 3;
    %store/vec4 v0x650999508c40_0, 0, 3;
    %delay 10000, 0;
    %load/vec4 v0x650999508c40_0;
    %store/vec4 v0x650999507630_0, 0, 3;
    %load/vec4 v0x6509995088c0_0;
    %store/vec4 v0x650999507420_0, 0, 8;
    %load/vec4 v0x6509995089a0_0;
    %store/vec4 v0x650999507500_0, 0, 8;
    %pushi/vec4 1, 0, 8;
    %store/vec4 v0x6509994a7e50_0, 0, 8;
    %pushi/vec4 0, 0, 1;
    %store/vec4 v0x6509994a7db0_0, 0, 1;
    %pushi/vec4 0, 0, 1;
    %store/vec4 v0x650999507380_0, 0, 1;
    %fork TD_tb_alu_8bit.display_result, S_0x6509994b7a40;
    %join;
    %pushi/vec4 1, 0, 8;
    %store/vec4 v0x6509995088c0_0, 0, 8;
    %pushi/vec4 0, 0, 8;
    %store/vec4 v0x6509995089a0_0, 0, 8;
    %pushi/vec4 7, 0, 3;
    %store/vec4 v0x650999508c40_0, 0, 3;
    %delay 10000, 0;
    %load/vec4 v0x650999508c40_0;
    %store/vec4 v0x650999507630_0, 0, 3;
    %load/vec4 v0x6509995088c0_0;
    %store/vec4 v0x650999507420_0, 0, 8;
    %load/vec4 v0x6509995089a0_0;
    %store/vec4 v0x650999507500_0, 0, 8;
    %pushi/vec4 0, 0, 8;
    %store/vec4 v0x6509994a7e50_0, 0, 8;
    %pushi/vec4 0, 0, 1;
    %store/vec4 v0x6509994a7db0_0, 0, 1;
    %pushi/vec4 1, 0, 1;
    %store/vec4 v0x650999507380_0, 0, 1;
    %fork TD_tb_alu_8bit.display_result, S_0x6509994b7a40;
    %join;
    %pushi/vec4 170, 0, 8;
    %store/vec4 v0x6509995088c0_0, 0, 8;
    %pushi/vec4 0, 0, 8;
    %store/vec4 v0x6509995089a0_0, 0, 8;
    %pushi/vec4 7, 0, 3;
    %store/vec4 v0x650999508c40_0, 0, 3;
    %delay 10000, 0;
    %load/vec4 v0x650999508c40_0;
    %store/vec4 v0x650999507630_0, 0, 3;
    %load/vec4 v0x6509995088c0_0;
    %store/vec4 v0x650999507420_0, 0, 8;
    %load/vec4 v0x6509995089a0_0;
    %store/vec4 v0x650999507500_0, 0, 8;
    %pushi/vec4 85, 0, 8;
    %store/vec4 v0x6509994a7e50_0, 0, 8;
    %pushi/vec4 0, 0, 1;
    %store/vec4 v0x6509994a7db0_0, 0, 1;
    %pushi/vec4 0, 0, 1;
    %store/vec4 v0x650999507380_0, 0, 1;
    %fork TD_tb_alu_8bit.display_result, S_0x6509994b7a40;
    %join;
    %vpi_call 2 130 "$display", "\012--- EDGE CASE TESTS ---" {0 0 0};
    %pushi/vec4 255, 0, 8;
    %store/vec4 v0x6509995088c0_0, 0, 8;
    %pushi/vec4 255, 0, 8;
    %store/vec4 v0x6509995089a0_0, 0, 8;
    %pushi/vec4 0, 0, 3;
    %store/vec4 v0x650999508c40_0, 0, 3;
    %delay 10000, 0;
    %load/vec4 v0x650999508c40_0;
    %store/vec4 v0x650999507630_0, 0, 3;
    %load/vec4 v0x6509995088c0_0;
    %store/vec4 v0x650999507420_0, 0, 8;
    %load/vec4 v0x6509995089a0_0;
    %store/vec4 v0x650999507500_0, 0, 8;
    %pushi/vec4 254, 0, 8;
    %store/vec4 v0x6509994a7e50_0, 0, 8;
    %pushi/vec4 1, 0, 1;
    %store/vec4 v0x6509994a7db0_0, 0, 1;
    %pushi/vec4 0, 0, 1;
    %store/vec4 v0x650999507380_0, 0, 1;
    %fork TD_tb_alu_8bit.display_result, S_0x6509994b7a40;
    %join;
    %pushi/vec4 0, 0, 8;
    %store/vec4 v0x6509995088c0_0, 0, 8;
    %pushi/vec4 0, 0, 8;
    %store/vec4 v0x6509995089a0_0, 0, 8;
    %pushi/vec4 1, 0, 3;
    %store/vec4 v0x650999508c40_0, 0, 3;
    %delay 10000, 0;
    %load/vec4 v0x650999508c40_0;
    %store/vec4 v0x650999507630_0, 0, 3;
    %load/vec4 v0x6509995088c0_0;
    %store/vec4 v0x650999507420_0, 0, 8;
    %load/vec4 v0x6509995089a0_0;
    %store/vec4 v0x650999507500_0, 0, 8;
    %pushi/vec4 0, 0, 8;
    %store/vec4 v0x6509994a7e50_0, 0, 8;
    %pushi/vec4 0, 0, 1;
    %store/vec4 v0x6509994a7db0_0, 0, 1;
    %pushi/vec4 1, 0, 1;
    %store/vec4 v0x650999507380_0, 0, 1;
    %fork TD_tb_alu_8bit.display_result, S_0x6509994b7a40;
    %join;
    %vpi_call 2 137 "$display", "\012--- ZERO FLAG TESTS ---" {0 0 0};
    %pushi/vec4 85, 0, 8;
    %store/vec4 v0x6509995088c0_0, 0, 8;
    %pushi/vec4 85, 0, 8;
    %store/vec4 v0x6509995089a0_0, 0, 8;
    %pushi/vec4 1, 0, 3;
    %store/vec4 v0x650999508c40_0, 0, 3;
    %delay 10000, 0;
    %load/vec4 v0x650999508c40_0;
    %store/vec4 v0x650999507630_0, 0, 3;
    %load/vec4 v0x6509995088c0_0;
    %store/vec4 v0x650999507420_0, 0, 8;
    %load/vec4 v0x6509995089a0_0;
    %store/vec4 v0x650999507500_0, 0, 8;
    %pushi/vec4 0, 0, 8;
    %store/vec4 v0x6509994a7e50_0, 0, 8;
    %pushi/vec4 0, 0, 1;
    %store/vec4 v0x6509994a7db0_0, 0, 1;
    %pushi/vec4 1, 0, 1;
    %store/vec4 v0x650999507380_0, 0, 1;
    %fork TD_tb_alu_8bit.display_result, S_0x6509994b7a40;
    %join;
    %pushi/vec4 170, 0, 8;
    %store/vec4 v0x6509995088c0_0, 0, 8;
    %pushi/vec4 85, 0, 8;
    %store/vec4 v0x6509995089a0_0, 0, 8;
    %pushi/vec4 2, 0, 3;
    %store/vec4 v0x650999508c40_0, 0, 3;
    %delay 10000, 0;
    %load/vec4 v0x650999508c40_0;
    %store/vec4 v0x650999507630_0, 0, 3;
    %load/vec4 v0x6509995088c0_0;
    %store/vec4 v0x650999507420_0, 0, 8;
    %load/vec4 v0x6509995089a0_0;
    %store/vec4 v0x650999507500_0, 0, 8;
    %pushi/vec4 0, 0, 8;
    %store/vec4 v0x6509994a7e50_0, 0, 8;
    %pushi/vec4 0, 0, 1;
    %store/vec4 v0x6509994a7db0_0, 0, 1;
    %pushi/vec4 1, 0, 1;
    %store/vec4 v0x650999507380_0, 0, 1;
    %fork TD_tb_alu_8bit.display_result, S_0x6509994b7a40;
    %join;
    %pushi/vec4 0, 0, 8;
    %store/vec4 v0x6509995088c0_0, 0, 8;
    %pushi/vec4 0, 0, 8;
    %store/vec4 v0x6509995089a0_0, 0, 8;
    %pushi/vec4 3, 0, 3;
    %store/vec4 v0x650999508c40_0, 0, 3;
    %delay 10000, 0;
    %load/vec4 v0x650999508c40_0;
    %store/vec4 v0x650999507630_0, 0, 3;
    %load/vec4 v0x6509995088c0_0;
    %store/vec4 v0x650999507420_0, 0, 8;
    %load/vec4 v0x6509995089a0_0;
    %store/vec4 v0x650999507500_0, 0, 8;
    %pushi/vec4 0, 0, 8;
    %store/vec4 v0x6509994a7e50_0, 0, 8;
    %pushi/vec4 0, 0, 1;
    %store/vec4 v0x6509994a7db0_0, 0, 1;
    %pushi/vec4 1, 0, 1;
    %store/vec4 v0x650999507380_0, 0, 1;
    %fork TD_tb_alu_8bit.display_result, S_0x6509994b7a40;
    %join;
    %pushi/vec4 255, 0, 8;
    %store/vec4 v0x6509995088c0_0, 0, 8;
    %pushi/vec4 255, 0, 8;
    %store/vec4 v0x6509995089a0_0, 0, 8;
    %pushi/vec4 4, 0, 3;
    %store/vec4 v0x650999508c40_0, 0, 3;
    %delay 10000, 0;
    %load/vec4 v0x650999508c40_0;
    %store/vec4 v0x650999507630_0, 0, 3;
    %load/vec4 v0x6509995088c0_0;
    %store/vec4 v0x650999507420_0, 0, 8;
    %load/vec4 v0x6509995089a0_0;
    %store/vec4 v0x650999507500_0, 0, 8;
    %pushi/vec4 0, 0, 8;
    %store/vec4 v0x6509994a7e50_0, 0, 8;
    %pushi/vec4 0, 0, 1;
    %store/vec4 v0x6509994a7db0_0, 0, 1;
    %pushi/vec4 1, 0, 1;
    %store/vec4 v0x650999507380_0, 0, 1;
    %fork TD_tb_alu_8bit.display_result, S_0x6509994b7a40;
    %join;
    %pushi/vec4 255, 0, 8;
    %store/vec4 v0x6509995088c0_0, 0, 8;
    %pushi/vec4 0, 0, 8;
    %store/vec4 v0x6509995089a0_0, 0, 8;
    %pushi/vec4 5, 0, 3;
    %store/vec4 v0x650999508c40_0, 0, 3;
    %delay 10000, 0;
    %load/vec4 v0x650999508c40_0;
    %store/vec4 v0x650999507630_0, 0, 3;
    %load/vec4 v0x6509995088c0_0;
    %store/vec4 v0x650999507420_0, 0, 8;
    %load/vec4 v0x6509995089a0_0;
    %store/vec4 v0x650999507500_0, 0, 8;
    %pushi/vec4 0, 0, 8;
    %store/vec4 v0x6509994a7e50_0, 0, 8;
    %pushi/vec4 0, 0, 1;
    %store/vec4 v0x6509994a7db0_0, 0, 1;
    %pushi/vec4 1, 0, 1;
    %store/vec4 v0x650999507380_0, 0, 1;
    %fork TD_tb_alu_8bit.display_result, S_0x6509994b7a40;
    %join;
    %pushi/vec4 128, 0, 8;
    %store/vec4 v0x6509995088c0_0, 0, 8;
    %pushi/vec4 0, 0, 8;
    %store/vec4 v0x6509995089a0_0, 0, 8;
    %pushi/vec4 6, 0, 3;
    %store/vec4 v0x650999508c40_0, 0, 3;
    %delay 10000, 0;
    %load/vec4 v0x650999508c40_0;
    %store/vec4 v0x650999507630_0, 0, 3;
    %load/vec4 v0x6509995088c0_0;
    %store/vec4 v0x650999507420_0, 0, 8;
    %load/vec4 v0x6509995089a0_0;
    %store/vec4 v0x650999507500_0, 0, 8;
    %pushi/vec4 0, 0, 8;
    %store/vec4 v0x6509994a7e50_0, 0, 8;
    %pushi/vec4 0, 0, 1;
    %store/vec4 v0x6509994a7db0_0, 0, 1;
    %pushi/vec4 1, 0, 1;
    %store/vec4 v0x650999507380_0, 0, 1;
    %fork TD_tb_alu_8bit.display_result, S_0x6509994b7a40;
    %join;
    %pushi/vec4 1, 0, 8;
    %store/vec4 v0x6509995088c0_0, 0, 8;
    %pushi/vec4 0, 0, 8;
    %store/vec4 v0x6509995089a0_0, 0, 8;
    %pushi/vec4 7, 0, 3;
    %store/vec4 v0x650999508c40_0, 0, 3;
    %delay 10000, 0;
    %load/vec4 v0x650999508c40_0;
    %store/vec4 v0x650999507630_0, 0, 3;
    %load/vec4 v0x6509995088c0_0;
    %store/vec4 v0x650999507420_0, 0, 8;
    %load/vec4 v0x6509995089a0_0;
    %store/vec4 v0x650999507500_0, 0, 8;
    %pushi/vec4 0, 0, 8;
    %store/vec4 v0x6509994a7e50_0, 0, 8;
    %pushi/vec4 0, 0, 1;
    %store/vec4 v0x6509994a7db0_0, 0, 1;
    %pushi/vec4 1, 0, 1;
    %store/vec4 v0x650999507380_0, 0, 1;
    %fork TD_tb_alu_8bit.display_result, S_0x6509994b7a40;
    %join;
    %vpi_call 2 159 "$display", "\012========================================" {0 0 0};
    %vpi_call 2 160 "$display", "         Test Complete" {0 0 0};
    %vpi_call 2 161 "$display", "========================================" {0 0 0};
    %vpi_call 2 163 "$finish" {0 0 0};
    %end;
    .thread T_2;
# The file index is used to find the file name in the following table.
:file_names 4;
    "N/A";
    "<interactive>";
    "alu_8bit_tb.v";
    "alu_8bit.v";
